ARM Linker, 5.03 [Build 76] [MDK-ARM Professional]

==============================================================================

Section Cross References

    main.o(.text) refers to iwdg.o(.text) for IWDG_Feed
    main.o(.text) refers to rt_memclr_w.o(.text) for __aeabi_memclr4
    main.o(.text) refers to flash.o(.text) for SPI_Flash_SafeRead
    main.o(.text) refers to rt_memclr.o(.text) for __aeabi_memclr
    main.o(.text) refers to usart.o(.text) for Usart2_SendData
    main.o(.text) refers to upload.o(.text) for Terminal_authentication
    main.o(.text) refers to asm.o(.emb_text) for SystemReset
    main.o(.text) refers to timer2.o(.data) for gps_counter
    main.o(.text) refers to gsm.o(.data) for PID_user_defined_number
    main.o(.text) refers to gsm.o(.bss) for PID_user_defined
    main.o(.text) refers to upload.o(.data) for ben_ji_hao
    main.o(.text) refers to upload.o(.bss) for JianQuanMa
    main.o(.text) refers to main.o(.data) for Flag_all
    main.o(.text) refers to alarm.o(.data) for Shake_JianGE
    main.o(.text) refers to misc.o(.text) for NVIC_PriorityGroupConfig
    main.o(.text) refers to exti.o(.text) for Exit_INIT
    main.o(.text) refers to delay.o(.text) for delay_init
    main.o(.text) refers to port.o(.text) for PORT_Init
    main.o(.text) refers to timer2.o(.text) for TIM2_Int_Init
    main.o(.text) refers to debug.o(.text) for Debug
    main.o(.text) refers to obd.o(.text) for OBD_init
    main.o(.text) refers to gsm.o(.text) for GSM_Module_Start
    main.o(.text) refers to alarm.o(.text) for alarm
    system_stm32f10x.o(.text) refers to system_stm32f10x.o(.data) for SystemCoreClock
    port.o(.text) refers to stm32f10x_rcc.o(.text) for RCC_APB2PeriphClockCmd
    port.o(.text) refers to stm32f10x_gpio.o(.text) for GPIO_Init
    test.o(.text) refers to rt_memclr.o(.text) for __aeabi_memclr
    test.o(.text) refers to obd.o(.text) for Read_PID
    test.o(.text) refers to iwdg.o(.text) for IWDG_Feed
    test.o(.text) refers to usart.o(.text) for Usart2_SendData
    test.o(.text) refers to test.o(.data) for test_OBD_PID_T
    test.o(.text) refers to obd.o(.bss) for OBD_PID_Buffer
    test.o(.text) refers to gsm.o(.data) for PID_user_defined_number
    test.o(.text) refers to gsm.o(.bss) for PID_user_defined
    test.o(.text) refers to main.o(.data) for OBD_Com_Flag
    test.o(.text) refers to test.o(.constdata) for ascTable
    startup_stm32f10x_hd.o(STACK) refers (Special) to heapauxi.o(.text) for __use_two_region_memory
    startup_stm32f10x_hd.o(HEAP) refers (Special) to heapauxi.o(.text) for __use_two_region_memory
    startup_stm32f10x_hd.o(RESET) refers (Special) to heapauxi.o(.text) for __use_two_region_memory
    startup_stm32f10x_hd.o(RESET) refers to startup_stm32f10x_hd.o(STACK) for __initial_sp
    startup_stm32f10x_hd.o(RESET) refers to startup_stm32f10x_hd.o(.text) for Reset_Handler
    startup_stm32f10x_hd.o(RESET) refers to stm32f10x_it.o(.text) for NMI_Handler
    startup_stm32f10x_hd.o(RESET) refers to exti.o(.text) for EXTI0_IRQHandler
    startup_stm32f10x_hd.o(RESET) refers to timer2.o(.text) for TIM2_IRQHandler
    startup_stm32f10x_hd.o(RESET) refers to usart.o(.text) for USART1_IRQHandler
    startup_stm32f10x_hd.o(.text) refers (Special) to heapauxi.o(.text) for __use_two_region_memory
    startup_stm32f10x_hd.o(.text) refers to system_stm32f10x.o(.text) for SystemInit
    startup_stm32f10x_hd.o(.text) refers to __main.o(!!!main) for __main
    startup_stm32f10x_hd.o(.text) refers to startup_stm32f10x_hd.o(HEAP) for Heap_Mem
    startup_stm32f10x_hd.o(.text) refers to startup_stm32f10x_hd.o(STACK) for Stack_Mem
    stm32f10x_gpio.o(.text) refers to stm32f10x_rcc.o(.text) for RCC_APB2PeriphResetCmd
    stm32f10x_rcc.o(.text) refers to stm32f10x_rcc.o(.data) for APBAHBPrescTable
    stm32f10x_usart.o(.text) refers to stm32f10x_rcc.o(.text) for RCC_APB2PeriphResetCmd
    stm32f10x_tim.o(.text) refers to stm32f10x_rcc.o(.text) for RCC_APB2PeriphResetCmd
    stm32f10x_spi.o(.text) refers to stm32f10x_rcc.o(.text) for RCC_APB2PeriphResetCmd
    delay.o(.text) refers to misc.o(.text) for SysTick_CLKSourceConfig
    delay.o(.text) refers to system_stm32f10x.o(.data) for SystemCoreClock
    delay.o(.text) refers to delay.o(.data) for fac_us
    sys.o(.text) refers to misc.o(.text) for NVIC_PriorityGroupConfig
    timer2.o(.text) refers to stm32f10x_rcc.o(.text) for RCC_APB1PeriphClockCmd
    timer2.o(.text) refers to stm32f10x_tim.o(.text) for TIM_TimeBaseInit
    timer2.o(.text) refers to misc.o(.text) for NVIC_Init
    timer2.o(.text) refers to timer2.o(.data) for gps_counter
    timer2.o(.text) refers to debug.o(.data) for ReTimeout
    timer2.o(.text) refers to gsm.o(.data) for ms100
    timer2.o(.text) refers to main.o(.data) for timer2_100ms
    timer2.o(.text) refers to usart.o(.data) for USART1_Rx_timer
    timer2.o(.text) refers to upload.o(.data) for authentication_count
    timer2.o(.text) refers to alarm.o(.data) for Shake_Num
[...]
    .ARM.Collect$$libinit$$00000023          0x080001f8   Section        0  libinit2.o(.ARM.Collect$$libinit$$00000023)
    .ARM.Collect$$libinit$$0000002A          0x080001f8   Section        0  libinit2.o(.ARM.Collect$$libinit$$0000002A)
    .ARM.Collect$$libinit$$0000002C          0x080001f8   Section        0  libinit2.o(.ARM.Collect$$libinit$$0000002C)
    .ARM.Collect$$libinit$$0000002E          0x080001f8   Section        0  libinit2.o(.ARM.Collect$$libinit$$0000002E)
    .ARM.Collect$$libinit$$00000030          0x080001f8   Section        0  libinit2.o(.ARM.Collect$$libinit$$00000030)
    .ARM.Collect$$libinit$$00000031          0x080001f8   Section        2  libinit2.o(.ARM.Collect$$libinit$$00000031)
    .ARM.Collect$$libshutdown$$00000000      0x080001fa   Section        2  libshutdown.o(.ARM.Collect$$libshutdown$$00000000)
    .ARM.Collect$$libshutdown$$00000003      0x080001fc   Section        0  libshutdown2.o(.ARM.Collect$$libshutdown$$00000003)
    .ARM.Collect$$libshutdown$$00000006      0x080001fc   Section        0  libshutdown2.o(.ARM.Collect$$libshutdown$$00000006)
    .ARM.Collect$$libshutdown$$00000009      0x080001fc   Section        0  libshutdown2.o(.ARM.Collect$$libshutdown$$00000009)
    .ARM.Collect$$libshutdown$$0000000B      0x080001fc   Section        0  libshutdown2.o(.ARM.Collect$$libshutdown$$0000000B)
    .ARM.Collect$$libshutdown$$0000000E      0x080001fc   Section        0  libshutdown2.o(.ARM.Collect$$libshutdown$$0000000E)
    .ARM.Collect$$libshutdown$$0000000F      0x080001fc   Section        2  libshutdown2.o(.ARM.Collect$$libshutdown$$0000000F)
    .ARM.Collect$$rtentry$$00000000          0x080001fe   Section        0  rtentry.o(.ARM.Collect$$rtentry$$00000000)
    .ARM.Collect$$rtentry$$00000002          0x080001fe   Section        0  rtentry2.o(.ARM.Collect$$rtentry$$00000002)
    .ARM.Collect$$rtentry$$00000004          0x080001fe   Section        6  rtentry4.o(.ARM.Collect$$rtentry$$00000004)
    .ARM.Collect$$rtentry$$00000009          0x08000204   Section        0  rtentry2.o(.ARM.Collect$$rtentry$$00000009)
    .ARM.Collect$$rtentry$$0000000A          0x08000204   Section        4  rtentry2.o(.ARM.Collect$$rtentry$$0000000A)
    .ARM.Collect$$rtentry$$0000000C          0x08000208   Section        0  rtentry2.o(.ARM.Collect$$rtentry$$0000000C)
    .ARM.Collect$$rtentry$$0000000D          0x08000208   Section        8  rtentry2.o(.ARM.Collect$$rtentry$$0000000D)
    .ARM.Collect$$rtexit$$00000000           0x08000210   Section        2  rtexit.o(.ARM.Collect$$rtexit$$00000000)
    .ARM.Collect$$rtexit$$00000002           0x08000212   Section        0  rtexit2.o(.ARM.Collect$$rtexit$$00000002)
    .ARM.Collect$$rtexit$$00000003           0x08000212   Section        4  rtexit2.o(.ARM.Collect$$rtexit$$00000003)
    .ARM.Collect$$rtexit$$00000004           0x08000216   Section        6  rtexit2.o(.ARM.Collect$$rtexit$$00000004)
    .emb_text                                0x0800021c   Section       24  asm.o(.emb_text)
    .text                                    0x08000234   Section        0  main.o(.text)
    .text                                    0x08000a28   Section        0  stm32f10x_it.o(.text)
    .text                                    0x08000a44   Section        0  system_stm32f10x.o(.text)
    SetSysClockTo72                          0x08000a45   Thumb Code   212  system_stm32f10x.o(.text)
    SetSysClock                              0x08000b19   Thumb Code     8  system_stm32f10x.o(.text)
    .text                                    0x08000c28   Section        0  port.o(.text)
    .text                                    0x08000d04   Section       64  startup_stm32f10x_hd.o(.text)
    .text                                    0x08000d44   Section        0  stm32f10x_gpio.o(.text)
    .text                                    0x0800109c   Section        0  misc.o(.text)
    .text                                    0x08001178   Section        0  stm32f10x_rcc.o(.text)
    .text                                    0x08001524   Section        0  stm32f10x_usart.o(.text)
    .text                                    0x0800192c   Section        0  stm32f10x_tim.o(.text)
    TI4_Config                               0x08001dd3   Thumb Code   130  stm32f10x_tim.o(.text)
    TI3_Config                               0x08001e67   Thumb Code   122  stm32f10x_tim.o(.text)
    TI2_Config                               0x08001efb   Thumb Code   130  stm32f10x_tim.o(.text)
    TI1_Config                               0x08001f8f   Thumb Code   108  stm32f10x_tim.o(.text)
    .text                                    0x08002748   Section        0  stm32f10x_iwdg.o(.text)
    .text                                    0x08002788   Section        0  stm32f10x_spi.o(.text)
    .text                                    0x08002a94   Section        0  stm32f10x_exti.o(.text)
    .text                                    0x08002bb0   Section        0  delay.o(.text)
    .text                                    0x08002c80   Section        0  timer2.o(.text)
    .text                                    0x080031ec   Section        0  iwdg.o(.text)
    .text                                    0x08003220   Section        0  spi.o(.text)
    .text                                    0x08003324   Section        0  flash.o(.text)
    .text                                    0x08003848   Section        0  usart.o(.text)
    .text                                    0x0800505c   Section        0  debug.o(.text)
    .text                                    0x08005724   Section        0  gsm.o(.text)
    .text                                    0x080074a8   Section        0  obd.o(.text)
    .text                                    0x08008ce0   Section        0  alarm.o(.text)
    .text                                    0x08008e38   Section        0  upload.o(.text)
    .text                                    0x08009d5c   Section        0  exti.o(.text)
    .text                                    0x08009f2c   Section       16  rt_ctype_table.o(.text)
    .text                                    0x08009f3c   Section        0  strchr.o(.text)
    .text                                    0x08009f50   Section        0  strstr.o(.text)
    .text                                    0x08009f74   Section        0  strcpy.o(.text)
    .text                                    0x08009fbc   Section        0  memchr.o(.text)
    .text                                    0x08009fd0   Section      138  rt_memcpy_v6.o(.text)
    .text                                    0x0800a05a   Section      100  rt_memcpy_w.o(.text)
    .text                                    0x0800a0be   Section       68  rt_memclr.o(.text)
    .text                                    0x0800a102   Section       78  rt_memclr_w.o(.text)
    .text                                    0x0800a150   Section        0  heapauxi.o(.text)
    .text                                    0x0800a158   Section        8  rt_locale_intlibspace.o(.text)
    .text                                    0x0800a160   Section        8  libspace.o(.text)
    .text                                    0x0800a168   Section      128  strcmpv7m.o(.text)
    .text                                    0x0800a1e8   Section       74  sys_stackheap_outer.o(.text)
    .text                                    0x0800a232   Section        0  exit.o(.text)
    .text                                    0x0800a240   Section        0  sys_exit.o(.text)
    .text                                    0x0800a24c   Section        2  use_no_semi.o(.text)
    .text                                    0x0800a24e   Section        0  indicate_semi.o(.text)
    locale$$code                             0x0800a250   Section       44  lc_ctype_c.o(locale$$code)
    .constdata                               0x0800a27c   Section        2  flash.o(.constdata)
    .constdata                               0x0800a27e   Section      343  gsm.o(.constdata)
    .constdata                               0x0800a3d8   Section       84  obd.o(.constdata)
    .constdata                               0x0800a42c   Section      108  upload.o(.constdata)
    locale$$data                             0x0800a4b8   Section      272  lc_ctype_c.o(locale$$data)
    __lcctype_c_name                         0x0800a4bc   Data           2  lc_ctype_c.o(locale$$data)
    __lcctype_c_start                        0x0800a4c4   Data           0  lc_ctype_c.o(locale$$data)
    __lcctype_c_end                          0x0800a5c8   Data           0  lc_ctype_c.o(locale$$data)
    .data                                    0x20000000   Section       52  main.o(.data)
    .data                                    0x20000034   Section       20  system_stm32f10x.o(.data)
    .data                                    0x20000048   Section        1  test.o(.data)
    .data                                    0x20000049   Section       20  stm32f10x_rcc.o(.data)
    APBAHBPrescTable                         0x20000049   Data          16  stm32f10x_rcc.o(.data)
    ADCPrescTable                            0x20000059   Data           4  stm32f10x_rcc.o(.data)
    .data                                    0x2000005e   Section        4  delay.o(.data)
    fac_us                                   0x2000005e   Data           1  delay.o(.data)
    fac_ms                                   0x20000060   Data           2  delay.o(.data)
    .data                                    0x20000064   Section       16  timer2.o(.data)
    .data                                    0x20000074   Section        1  spi.o(.data)
    .data                                    0x20000076   Section        4  flash.o(.data)
    .data                                    0x2000007c   Section       32  usart.o(.data)
    gps_AV                                   0x2000008e   Data           1  usart.o(.data)
    .data                                    0x2000009c   Section       20  debug.o(.data)
    .data                                    0x200000b0   Section       69  gsm.o(.data)
    cnt                                      0x200000f0   Data           4  gsm.o(.data)
    .data                                    0x200000f8   Section       13  obd.o(.data)
    temp_oil_LperH_F                         0x20000104   Data           1  obd.o(.data)
    .data                                    0x20000106   Section       16  alarm.o(.data)
    .data                                    0x20000118   Section       51  upload.o(.data)
    .bss                                     0x2000014c   Section     4116  flash.o(.bss)
    .bss                                     0x20001160   Section     2696  usart.o(.bss)
    .bss                                     0x20001be8   Section     2383  gsm.o(.bss)
    .bss                                     0x20002538   Section      584  obd.o(.bss)
    oil_average_LperH_arry                   0x20002741   Data          50  obd.o(.bss)
    .bss                                     0x20002780   Section      559  upload.o(.bss)
    .bss                                     0x200029b0   Section       96  libspace.o(.bss)
    HEAP                                     0x20002a10   Section      512  startup_stm32f10x_hd.o(HEAP)
    Heap_Mem                                 0x20002a10   Data         512  startup_stm32f10x_hd.o(HEAP)
    STACK                                    0x20002c10   Section     1024  startup_stm32f10x_hd.o(STACK)
    Stack_Mem                                0x20002c10   Data        1024  startup_stm32f10x_hd.o(STACK)
    __initial_sp                             0x20003010   Data           0  startup_stm32f10x_hd.o(STACK)

    Global Symbols

    Symbol Name                              Value     Ov Type        Size  Object(Section)

    BuildAttributes$$THM_ISAv4$P$D$K$B$S$PE$A:L22UL41UL21$X:L11$S22US41US21$IEEE1$IW$USESV6$~STKCKD$USESV7$~SHL$OSPACE$ROPI$EBA8$UX$STANDARDLIB$REQ8$PRES8$EABIv2 0x00000000   Number         0  anon$$obj.o ABSOLUTE
    __ARM_use_no_argv                        0x00000000   Number         0  main.o ABSOLUTE
    __ARM_exceptions_init                     - Undefined Weak Reference
    __alloca_initialize                       - Undefined Weak Reference
    __cpp_initialize__aeabi_                  - Undefined Weak Reference
    __cxa_finalize                            - Undefined Weak Reference
    __sigvec_lookup                           - Undefined Weak Reference
    _atexit_init                              - Undefined Weak Reference
    _call_atexit_fns                          - Undefined Weak Reference
    _clock_init                               - Undefined Weak Reference
    _fp_trap_init                             - Undefined Weak Reference
    _fp_trap_shutdown                         - Undefined Weak Reference
    _get_lc_collate                           - Undefined Weak Reference
    _get_lc_monetary                          - Undefined Weak Reference
    _get_lc_numeric                           - Undefined Weak Reference
    _get_lc_time                              - Undefined Weak Reference
    _getenv_init                              - Undefined Weak Reference
    _handle_redirection                       - Undefined Weak Reference
    _init_alloc                               - Undefined Weak Reference
    _init_user_alloc                          - Undefined Weak Reference
    _initio                                   - Undefined Weak Reference
    _rand_init                                - Undefined Weak Reference
    _signal_finish                            - Undefined Weak Reference
    _signal_init                              - Undefined Weak Reference
    _terminate_alloc                          - Undefined Weak Reference
    _terminate_user_alloc                     - Undefined Weak Reference
    _terminateio                              - Undefined Weak Reference
    __Vectors_Size                           0x00000130   Number         0  startup_stm32f10x_hd.o ABSOLUTE
    __Vectors                                0x08000000   Data           4  startup_stm32f10x_hd.o(RESET)
    __Vectors_End                            0x08000130   Data           0  startup_stm32f10x_hd.o(RESET)
    __main                                   0x08000131   Thumb Code     8  __main.o(!!!main)
    __scatterload                            0x08000139   Thumb Code     0  __scatter.o(!!!scatter)
    __scatterload_rt2                        0x08000139   Thumb Code    44  __scatter.o(!!!scatter)
    __scatterload_rt2_thumb_only             0x08000139   Thumb Code     0  __scatter.o(!!!scatter)
    __scatterload_null                       0x08000147   Thumb Code     0  __scatter.o(!!!scatter)
    __decompress                             0x0800016d   Thumb Code    90  __dczerorl2.o(!!dczerorl2)
    __decompress1                            0x0800016d   Thumb Code     0  __dczerorl2.o(!!dczerorl2)
    __scatterload_zeroinit                   0x080001c9   Thumb Code    28  __scatter_zi.o(!!handler_zi)
    __rt_lib_init                            0x080001e5   Thumb Code     0  libinit.o(.ARM.Collect$$libinit$$00000000)
    __rt_lib_init_fp_1                       0x080001e7   Thumb Code     0  libinit2.o(.ARM.Collect$$libinit$$00000002)
    __rt_lib_init_heap_1                     0x080001e7   Thumb Code     0  libinit2.o(.ARM.Collect$$libinit$$00000008)
    __rt_lib_init_lc_common                  0x080001e7   Thumb Code     0  libinit2.o(.ARM.Collect$$libinit$$0000000D)
    __rt_lib_init_rand_1                     0x080001e7   Thumb Code     0  libinit2.o(.ARM.Collect$$libinit$$0000000C)
    __rt_lib_init_user_alloc_1               0x080001e7   Thumb Code     0  libinit2.o(.ARM.Collect$$libinit$$0000000A)
    __rt_lib_init_lc_collate_1               0x080001ed   Thumb Code     0  libinit2.o(.ARM.Collect$$libinit$$0000000F)
    __rt_lib_init_lc_ctype_2                 0x080001ed   Thumb Code     0  libinit2.o(.ARM.Collect$$libinit$$00000010)
    __rt_lib_init_alloca_1                   0x080001f9   Thumb Code     0  libinit2.o(.ARM.Collect$$libinit$$0000002C)
    __rt_lib_init_argv_1                     0x080001f9   Thumb Code     0  libinit2.o(.ARM.Collect$$libinit$$0000002A)
    __rt_lib_init_atexit_1                   0x080001f9   Thumb Code     0  libinit2.o(.ARM.Collect$$libinit$$00000019)
    __rt_lib_init_clock_1                    0x080001f9   Thumb Code     0  libinit2.o(.ARM.Collect$$libinit$$0000001F)
    __rt_lib_init_cpp_1                      0x080001f9   Thumb Code     0  libinit2.o(.ARM.Collect$$libinit$$00000030)
    __rt_lib_init_exceptions_1               0x080001f9   Thumb Code     0  libinit2.o(.ARM.Collect$$libinit$$0000002E)
    __rt_lib_init_fp_trap_1                  0x080001f9   Thumb Code     0  libinit2.o(.ARM.Collect$$libinit$$0000001D)
    __rt_lib_init_getenv_1                   0x080001f9   Thumb Code     0  libinit2.o(.ARM.Collect$$libinit$$00000021)
    __rt_lib_init_lc_ctype_1                 0x080001f9   Thumb Code     0  libinit2.o(.ARM.Collect$$libinit$$00000011)
    __rt_lib_init_lc_monetary_1              0x080001f9   Thumb Code     0  libinit2.o(.ARM.Collect$$libinit$$00000013)
    __rt_lib_init_lc_numeric_1               0x080001f9   Thumb Code     0  libinit2.o(.ARM.Collect$$libinit$$00000015)
    __rt_lib_init_lc_time_1                  0x080001f9   Thumb Code     0  libinit2.o(.ARM.Collect$$libinit$$00000017)
    __rt_lib_init_return                     0x080001f9   Thumb Code     0  libinit2.o(.ARM.Collect$$libinit$$00000031)
    __rt_lib_init_signal_1                   0x080001f9   Thumb Code     0  libinit2.o(.ARM.Collect$$libinit$$0000001B)
    __rt_lib_init_stdio_1                    0x080001f9   Thumb Code     0  libinit2.o(.ARM.Collect$$libinit$$00000023)
    __rt_lib_shutdown                        0x080001fb   Thumb Code     0  libshutdown.o(.ARM.Collect$$libshutdown$$00000000)
    __rt_lib_shutdown_fp_trap_1              0x080001fd   Thumb Code     0  libshutdown2.o(.ARM.Collect$$libshutdown$$00000006)
    __rt_lib_shutdown_heap_1                 0x080001fd   Thumb Code     0  libshutdown2.o(.ARM.Collect$$libshutdown$$0000000E)
    __rt_lib_shutdown_return                 0x080001fd   Thumb Code     0  libshutdown2.o(.ARM.Collect$$libshutdown$$0000000F)
    __rt_lib_shutdown_signal_1               0x080001fd   Thumb Code     0  libshutdown2.o(.ARM.Collect$$libshutdown$$00000009)
    __rt_lib_shutdown_stdio_1                0x080001fd   Thumb Code     0  libshutdown2.o(.ARM.Collect$$libshutdown$$00000003)
    __rt_lib_shutdown_user_alloc_1           0x080001fd   Thumb Code     0  libshutdown2.o(.ARM.Collect$$libshutdown$$0000000B)
    __rt_entry                               0x080001ff   Thumb Code     0  rtentry.o(.ARM.Collect$$rtentry$$00000000)
    __rt_entry_presh_1                       0x080001ff   Thumb Code     0  rtentry2.o(.ARM.Collect$$rtentry$$00000002)
    __rt_entry_sh                            0x080001ff   Thumb Code     0  rtentry4.o(.ARM.Collect$$rtentry$$00000004)
    __rt_entry_li                            0x08000205   Thumb Code     0  rtentry2.o(.ARM.Collect$$rtentry$$0000000A)
    __rt_entry_postsh_1                      0x08000205   Thumb Code     0  rtentry2.o(.ARM.Collect$$rtentry$$00000009)
    __rt_entry_main                          0x08000209   Thumb Code     0  rtentry2.o(.ARM.Collect$$rtentry$$0000000D)
    __rt_entry_postli_1                      0x08000209   Thumb Code     0  rtentry2.o(.ARM.Collect$$rtentry$$0000000C)
    __rt_exit                                0x08000211   Thumb Code     0  rtexit.o(.ARM.Collect$$rtexit$$00000000)
    __rt_exit_ls                             0x08000213   Thumb Code     0  rtexit2.o(.ARM.Collect$$rtexit$$00000003)
    __rt_exit_prels_1                        0x08000213   Thumb Code     0  rtexit2.o(.ARM.Collect$$rtexit$$00000002)
    __rt_exit_exit                           0x08000217   Thumb Code     0  rtexit2.o(.ARM.Collect$$rtexit$$00000004)
    SystemReset                              0x0800021d   Thumb Code    16  asm.o(.emb_text)
    wait                                     0x08000235   Thumb Code    24  main.o(.text)
    Parameter_Init                           0x0800024d   Thumb Code  1412  main.o(.text)
    Hardware_Init                            0x080007d1   Thumb Code    98  main.o(.text)
    main                                     0x08000833   Thumb Code   346  main.o(.text)
    NMI_Handler                              0x08000a29   Thumb Code     2  stm32f10x_it.o(.text)
    HardFault_Handler                        0x08000a2b   Thumb Code     4  stm32f10x_it.o(.text)
    MemManage_Handler                        0x08000a2f   Thumb Code     4  stm32f10x_it.o(.text)
    BusFault_Handler                         0x08000a33   Thumb Code     4  stm32f10x_it.o(.text)
    UsageFault_Handler                       0x08000a37   Thumb Code     4  stm32f10x_it.o(.text)
    SVC_Handler                              0x08000a3b   Thumb Code     2  stm32f10x_it.o(.text)
    DebugMon_Handler                         0x08000a3d   Thumb Code     2  stm32f10x_it.o(.text)
    PendSV_Handler                           0x08000a3f   Thumb Code     2  stm32f10x_it.o(.text)
    SysTick_Handler                          0x08000a41   Thumb Code     2  stm32f10x_it.o(.text)
    SystemInit                               0x08000b21   Thumb Code    78  system_stm32f10x.o(.text)
    SystemCoreClockUpdate                    0x08000b6f   Thumb Code   142  system_stm32f10x.o(.text)
    PORT_Init                                0x08000c29   Thumb Code   204  port.o(.text)
    IOCheck                                  0x08000cf5   Thumb Code     2  port.o(.text)
    Reset_Handler                            0x08000d05   Thumb Code     8  startup_stm32f10x_hd.o(.text)
    ADC1_2_IRQHandler                        0x08000d1f   Thumb Code     0  startup_stm32f10x_hd.o(.text)
    ADC3_IRQHandler                          0x08000d1f   Thumb Code     0  startup_stm32f10x_hd.o(.text)
    CAN1_RX1_IRQHandler                      0x08000d1f   Thumb Code     0  startup_stm32f10x_hd.o(.text)
    CAN1_SCE_IRQHandler                      0x08000d1f   Thumb Code     0  startup_stm32f10x_hd.o(.text)
    DMA1_Channel1_IRQHandler                 0x08000d1f   Thumb Code     0  startup_stm32f10x_hd.o(.text)
    DMA1_Channel2_IRQHandler                 0x08000d1f   Thumb Code     0  startup_stm32f10x_hd.o(.text)
    DMA1_Channel3_IRQHandler                 0x08000d1f   Thumb Code     0  startup_stm32f10x_hd.o(.text)
    DMA1_Channel4_IRQHandler                 0x08000d1f   Thumb Code     0  startup_stm32f10x_hd.o(.text)
    DMA1_Channel5_IRQHandler                 0x08000d1f   Thumb Code     0  startup_stm32f10x_hd.o(.text)
    DMA1_Channel6_IRQHandler                 0x08000d1f   Thumb Code     0  startup_stm32f10x_hd.o(.text)
    DMA1_Channel7_IRQHandler                 0x08000d1f   Thumb Code     0  startup_stm32f10x_hd.o(.text)
    DMA2_Channel1_IRQHandler                 0x08000d1f   Thumb Code     0  startup_stm32f10x_hd.o(.text)
    DMA2_Channel2_IRQHandler                 0x08000d1f   Thumb Code     0  startup_stm32f10x_hd.o(.text)
    DMA2_Channel3_IRQHandler                 0x08000d1f   Thumb Code     0  startup_stm32f10x_hd.o(.text)
    DMA2_Channel4_5_IRQHandler               0x08000d1f   Thumb Code     0  startup_stm32f10x_hd.o(.text)
    EXTI15_10_IRQHandler                     0x08000d1f   Thumb Code     0  startup_stm32f10x_hd.o(.text)
    EXTI1_IRQHandler                         0x08000d1f   Thumb Code     0  startup_stm32f10x_hd.o(.text)
    EXTI2_IRQHandler                         0x08000d1f   Thumb Code     0  startup_stm32f10x_hd.o(.text)
    EXTI4_IRQHandler                         0x08000d1f   Thumb Code     0  startup_stm32f10x_hd.o(.text)
    FLASH_IRQHandler                         0x08000d1f   Thumb Code     0  startup_stm32f10x_hd.o(.text)
    FSMC_IRQHandler                          0x08000d1f   Thumb Code     0  startup_stm32f10x_hd.o(.text)
    I2C1_ER_IRQHandler                       0x08000d1f   Thumb Code     0  startup_stm32f10x_hd.o(.text)
    I2C1_EV_IRQHandler                       0x08000d1f   Thumb Code     0  startup_stm32f10x_hd.o(.text)
    I2C2_ER_IRQHandler                       0x08000d1f   Thumb Code     0  startup_stm32f10x_hd.o(.text)
    I2C2_EV_IRQHandler                       0x08000d1f   Thumb Code     0  startup_stm32f10x_hd.o(.text)
    PVD_IRQHandler                           0x08000d1f   Thumb Code     0  startup_stm32f10x_hd.o(.text)
    RCC_IRQHandler                           0x08000d1f   Thumb Code     0  startup_stm32f10x_hd.o(.text)
    RTCAlarm_IRQHandler                      0x08000d1f   Thumb Code     0  startup_stm32f10x_hd.o(.text)
    RTC_IRQHandler                           0x08000d1f   Thumb Code     0  startup_stm32f10x_hd.o(.text)
    SDIO_IRQHandler                          0x08000d1f   Thumb Code     0  startup_stm32f10x_hd.o(.text)
    SPI1_IRQHandler                          0x08000d1f   Thumb Code     0  startup_stm32f10x_hd.o(.text)
    SPI2_IRQHandler                          0x08000d1f   Thumb Code     0  startup_stm32f10x_hd.o(.text)
    SPI3_IRQHandler                          0x08000d1f   Thumb Code     0  startup_stm32f10x_hd.o(.text)
    TAMPER_IRQHandler                        0x08000d1f   Thumb Code     0  startup_stm32f10x_hd.o(.text)
    TIM1_BRK_IRQHandler                      0x08000d1f   Thumb Code     0  startup_stm32f10x_hd.o(.text)
    TIM1_CC_IRQHandler                       0x08000d1f   Thumb Code     0  startup_stm32f10x_hd.o(.text)
    TIM1_TRG_COM_IRQHandler                  0x08000d1f   Thumb Code     0  startup_stm32f10x_hd.o(.text)
    TIM1_UP_IRQHandler                       0x08000d1f   Thumb Code     0  startup_stm32f10x_hd.o(.text)
    TIM3_IRQHandler                          0x08000d1f   Thumb Code     0  startup_stm32f10x_hd.o(.text)
    TIM4_IRQHandler                          0x08000d1f   Thumb Code     0  startup_stm32f10x_hd.o(.text)
    TIM5_IRQHandler                          0x08000d1f   Thumb Code     0  startup_stm32f10x_hd.o(.text)
    TIM6_IRQHandler                          0x08000d1f   Thumb Code     0  startup_stm32f10x_hd.o(.text)
    TIM7_IRQHandler                          0x08000d1f   Thumb Code     0  startup_stm32f10x_hd.o(.text)
    TIM8_BRK_IRQHandler                      0x08000d1f   Thumb Code     0  startup_stm32f10x_hd.o(.text)
    TIM8_CC_IRQHandler                       0x08000d1f   Thumb Code     0  startup_stm32f10x_hd.o(.text)
    TIM8_TRG_COM_IRQHandler                  0x08000d1f   Thumb Code     0  startup_stm32f10x_hd.o(.text)
    TIM8_UP_IRQHandler                       0x08000d1f   Thumb Code     0  startup_stm32f10x_hd.o(.text)
    UART4_IRQHandler                         0x08000d1f   Thumb Code     0  startup_stm32f10x_hd.o(.text)
    UART5_IRQHandler                         0x08000d1f   Thumb Code     0  startup_stm32f10x_hd.o(.text)
    USBWakeUp_IRQHandler                     0x08000d1f   Thumb Code     0  startup_stm32f10x_hd.o(.text)
    USB_HP_CAN1_TX_IRQHandler                0x08000d1f   Thumb Code     0  startup_stm32f10x_hd.o(.text)
    USB_LP_CAN1_RX0_IRQHandler               0x08000d1f   Thumb Code     0  startup_stm32f10x_hd.o(.text)
    WWDG_IRQHandler                          0x08000d1f   Thumb Code     0  startup_stm32f10x_hd.o(.text)
    __user_initial_stackheap                 0x08000d21   Thumb Code     0  startup_stm32f10x_hd.o(.text)
    GPIO_DeInit                              0x08000d45   Thumb Code   172  stm32f10x_gpio.o(.text)
    GPIO_AFIODeInit                          0x08000df1   Thumb Code    20  stm32f10x_gpio.o(.text)
    GPIO_Init                                0x08000e05   Thumb Code   274  stm32f10x_gpio.o(.text)
    GPIO_StructInit                          0x08000f17   Thumb Code    16  stm32f10x_gpio.o(.text)
    GPIO_ReadInputDataBit                    0x08000f27   Thumb Code    18  stm32f10x_gpio.o(.text)
    GPIO_ReadInputData                       0x08000f39   Thumb Code     8  stm32f10x_gpio.o(.text)
    GPIO_ReadOutputDataBit                   0x08000f41   Thumb Code    18  stm32f10x_gpio.o(.text)
    GPIO_ReadOutputData                      0x08000f53   Thumb Code     8  stm32f10x_gpio.o(.text)
    GPIO_SetBits                             0x08000f5b   Thumb Code     4  stm32f10x_gpio.o(.text)
    GPIO_ResetBits                           0x08000f5f   Thumb Code     4  stm32f10x_gpio.o(.text)
    GPIO_WriteBit                            0x08000f63   Thumb Code    10  stm32f10x_gpio.o(.text)
    GPIO_Write                               0x08000f6d   Thumb Code     4  stm32f10x_gpio.o(.text)
    GPIO_PinLockConfig                       0x08000f71   Thumb Code    18  stm32f10x_gpio.o(.text)
    GPIO_EventOutputConfig                   0x08000f83   Thumb Code    26  stm32f10x_gpio.o(.text)
    GPIO_EventOutputCmd                      0x08000f9d   Thumb Code     6  stm32f10x_gpio.o(.text)
    GPIO_PinRemapConfig                      0x08000fa3   Thumb Code   138  stm32f10x_gpio.o(.text)
    GPIO_EXTILineConfig                      0x0800102d   Thumb Code    66  stm32f10x_gpio.o(.text)
    GPIO_ETH_MediaInterfaceConfig            0x0800106f   Thumb Code     6  stm32f10x_gpio.o(.text)
    NVIC_PriorityGroupConfig                 0x0800109d   Thumb Code    10  misc.o(.text)
    NVIC_Init                                0x080010a7   Thumb Code   102  misc.o(.text)
    NVIC_SetVectorTable                      0x0800110d   Thumb Code    14  misc.o(.text)
    NVIC_SystemLPConfig                      0x0800111b   Thumb Code    34  misc.o(.text)
    SysTick_CLKSourceConfig                  0x0800113d   Thumb Code    40  misc.o(.text)
    RCC_DeInit                               0x08001179   Thumb Code    64  stm32f10x_rcc.o(.text)
    RCC_HSEConfig                            0x080011b9   Thumb Code    70  stm32f10x_rcc.o(.text)
    RCC_GetFlagStatus                        0x080011ff   Thumb Code    56  stm32f10x_rcc.o(.text)
    RCC_WaitForHSEStartUp                    0x08001237   Thumb Code    56  stm32f10x_rcc.o(.text)
    RCC_AdjustHSICalibrationValue            0x0800126f   Thumb Code    20  stm32f10x_rcc.o(.text)
    RCC_HSICmd                               0x08001283   Thumb Code     6  stm32f10x_rcc.o(.text)
    RCC_PLLConfig                            0x08001289   Thumb Code    24  stm32f10x_rcc.o(.text)
    RCC_PLLCmd                               0x080012a1   Thumb Code     6  stm32f10x_rcc.o(.text)
    RCC_SYSCLKConfig                         0x080012a7   Thumb Code    18  stm32f10x_rcc.o(.text)
    RCC_GetSYSCLKSource                      0x080012b9   Thumb Code    10  stm32f10x_rcc.o(.text)
    RCC_HCLKConfig                           0x080012c3   Thumb Code    18  stm32f10x_rcc.o(.text)
    RCC_PCLK1Config                          0x080012d5   Thumb Code    18  stm32f10x_rcc.o(.text)
    RCC_PCLK2Config                          0x080012e7   Thumb Code    20  stm32f10x_rcc.o(.text)
    RCC_ITConfig                             0x080012fb   Thumb Code    26  stm32f10x_rcc.o(.text)
    RCC_USBCLKConfig                         0x08001315   Thumb Code     6  stm32f10x_rcc.o(.text)
    RCC_ADCCLKConfig                         0x0800131b   Thumb Code    18  stm32f10x_rcc.o(.text)
    RCC_LSEConfig                            0x0800132d   Thumb Code    44  stm32f10x_rcc.o(.text)
    RCC_LSICmd                               0x08001359   Thumb Code     6  stm32f10x_rcc.o(.text)
    RCC_RTCCLKConfig                         0x0800135f   Thumb Code    12  stm32f10x_rcc.o(.text)
    RCC_RTCCLKCmd                            0x0800136b   Thumb Code     8  stm32f10x_rcc.o(.text)
    RCC_GetClocksFreq                        0x08001373   Thumb Code   192  stm32f10x_rcc.o(.text)
    RCC_AHBPeriphClockCmd                    0x08001433   Thumb Code    26  stm32f10x_rcc.o(.text)
    RCC_APB2PeriphClockCmd                   0x0800144d   Thumb Code    26  stm32f10x_rcc.o(.text)
    RCC_APB1PeriphClockCmd                   0x08001467   Thumb Code    26  stm32f10x_rcc.o(.text)
    RCC_APB2PeriphResetCmd                   0x08001481   Thumb Code    26  stm32f10x_rcc.o(.text)
    RCC_APB1PeriphResetCmd                   0x0800149b   Thumb Code    26  stm32f10x_rcc.o(.text)
    RCC_BackupResetCmd                       0x080014b5   Thumb Code     8  stm32f10x_rcc.o(.text)
    RCC_ClockSecuritySystemCmd               0x080014bd   Thumb Code     6  stm32f10x_rcc.o(.text)
    RCC_MCOConfig                            0x080014c3   Thumb Code     6  stm32f10x_rcc.o(.text)
    RCC_ClearFlag                            0x080014c9   Thumb Code    14  stm32f10x_rcc.o(.text)
    RCC_GetITStatus                          0x080014d7   Thumb Code    20  stm32f10x_rcc.o(.text)
    RCC_ClearITPendingBit                    0x080014eb   Thumb Code     6  stm32f10x_rcc.o(.text)
    USART_DeInit                             0x08001525   Thumb Code   134  stm32f10x_usart.o(.text)
    USART_Init                               0x080015ab   Thumb Code   210  stm32f10x_usart.o(.text)
    USART_StructInit                         0x0800167d   Thumb Code    24  stm32f10x_usart.o(.text)
    USART_ClockInit                          0x08001695   Thumb Code    34  stm32f10x_usart.o(.text)
    USART_ClockStructInit                    0x080016b7   Thumb Code    12  stm32f10x_usart.o(.text)
    USART_Cmd                                0x080016c3   Thumb Code    24  stm32f10x_usart.o(.text)
    USART_ITConfig                           0x080016db   Thumb Code    74  stm32f10x_usart.o(.text)
    USART_DMACmd                             0x08001725   Thumb Code    18  stm32f10x_usart.o(.text)
    USART_SetAddress                         0x08001737   Thumb Code    18  stm32f10x_usart.o(.text)
    USART_WakeUpConfig                       0x08001749   Thumb Code    18  stm32f10x_usart.o(.text)
    USART_ReceiverWakeUpCmd                  0x0800175b   Thumb Code    24  stm32f10x_usart.o(.text)
    USART_LINBreakDetectLengthConfig         0x08001773   Thumb Code    18  stm32f10x_usart.o(.text)
    USART_LINCmd                             0x08001785   Thumb Code    24  stm32f10x_usart.o(.text)
    USART_SendData                           0x0800179d   Thumb Code     8  stm32f10x_usart.o(.text)
    USART_ReceiveData                        0x080017a5   Thumb Code    10  stm32f10x_usart.o(.text)
    USART_SendBreak                          0x080017af   Thumb Code    10  stm32f10x_usart.o(.text)
    USART_SetGuardTime                       0x080017b9   Thumb Code    16  stm32f10x_usart.o(.text)
    USART_SetPrescaler                       0x080017c9   Thumb Code    16  stm32f10x_usart.o(.text)
    USART_SmartCardCmd                       0x080017d9   Thumb Code    24  stm32f10x_usart.o(.text)
    USART_SmartCardNACKCmd                   0x080017f1   Thumb Code    24  stm32f10x_usart.o(.text)
    USART_HalfDuplexCmd                      0x08001809   Thumb Code    24  stm32f10x_usart.o(.text)
    USART_OverSampling8Cmd                   0x08001821   Thumb Code    22  stm32f10x_usart.o(.text)
    USART_OneBitMethodCmd                    0x08001837   Thumb Code    24  stm32f10x_usart.o(.text)
    USART_IrDAConfig                         0x0800184f   Thumb Code    18  stm32f10x_usart.o(.text)
    USART_IrDACmd                            0x08001861   Thumb Code    24  stm32f10x_usart.o(.text)
    USART_GetFlagStatus                      0x08001879   Thumb Code    26  stm32f10x_usart.o(.text)
    USART_ClearFlag                          0x08001893   Thumb Code    18  stm32f10x_usart.o(.text)
    USART_GetITStatus                        0x080018a5   Thumb Code    84  stm32f10x_usart.o(.text)
    USART_ClearITPendingBit                  0x080018f9   Thumb Code    52  stm32f10x_usart.o(.text)
    TIM_DeInit                               0x0800192d   Thumb Code   424  stm32f10x_tim.o(.text)
    TIM_TimeBaseInit                         0x08001ad5   Thumb Code   122  stm32f10x_tim.o(.text)
    TIM_OC1Init                              0x08001b4f   Thumb Code   132  stm32f10x_tim.o(.text)
    TIM_OC2Init                              0x08001bd3   Thumb Code   154  stm32f10x_tim.o(.text)
    TIM_OC3Init                              0x08001c6d   Thumb Code   150  stm32f10x_tim.o(.text)
    TIM_OC4Init                              0x08001d03   Thumb Code   182  stm32f10x_tim.o(.text)
    TIM_SetIC4Prescaler                      0x08001db9   Thumb Code    26  stm32f10x_tim.o(.text)
    TIM_SetIC3Prescaler                      0x08001e55   Thumb Code    18  stm32f10x_tim.o(.text)
    TIM_SetIC2Prescaler                      0x08001ee1   Thumb Code    26  stm32f10x_tim.o(.text)
    TIM_SetIC1Prescaler                      0x08001f7d   Thumb Code    18  stm32f10x_tim.o(.text)
    TIM_ICInit                               0x08001ffb   Thumb Code   150  stm32f10x_tim.o(.text)
    TIM_PWMIConfig                           0x08002091   Thumb Code   124  stm32f10x_tim.o(.text)
    TIM_BDTRConfig                           0x0800210d   Thumb Code    32  stm32f10x_tim.o(.text)
    TIM_TimeBaseStructInit                   0x0800212d   Thumb Code    18  stm32f10x_tim.o(.text)
    TIM_OCStructInit                         0x0800213f   Thumb Code    20  stm32f10x_tim.o(.text)
    TIM_ICStructInit                         0x08002153   Thumb Code    18  stm32f10x_tim.o(.text)
    TIM_BDTRStructInit                       0x08002165   Thumb Code    40  stm32f10x_tim.o(.text)
    TIM_Cmd                                  0x0800218d   Thumb Code    24  stm32f10x_tim.o(.text)
    TIM_CtrlPWMOutputs                       0x080021a5   Thumb Code    30  stm32f10x_tim.o(.text)
    TIM_ITConfig                             0x080021c3   Thumb Code    18  stm32f10x_tim.o(.text)
    TIM_GenerateEvent                        0x080021d5   Thumb Code     4  stm32f10x_tim.o(.text)
    TIM_DMAConfig                            0x080021d9   Thumb Code    10  stm32f10x_tim.o(.text)
    TIM_DMACmd                               0x080021e3   Thumb Code    18  stm32f10x_tim.o(.text)
    TIM_InternalClockConfig                  0x080021f5   Thumb Code    12  stm32f10x_tim.o(.text)
    TIM_SelectInputTrigger                   0x08002201   Thumb Code    18  stm32f10x_tim.o(.text)
    TIM_ITRxExternalClockConfig              0x08002213   Thumb Code    24  stm32f10x_tim.o(.text)
    TIM_TIxExternalClockConfig               0x0800222b   Thumb Code    62  stm32f10x_tim.o(.text)
    TIM_ETRConfig                            0x08002269   Thumb Code    28  stm32f10x_tim.o(.text)
    TIM_ETRClockMode1Config                  0x08002285   Thumb Code    54  stm32f10x_tim.o(.text)
    TIM_ETRClockMode2Config                  0x080022bb   Thumb Code    32  stm32f10x_tim.o(.text)
    TIM_PrescalerConfig                      0x080022db   Thumb Code     6  stm32f10x_tim.o(.text)
    TIM_CounterModeConfig                    0x080022e1   Thumb Code    18  stm32f10x_tim.o(.text)
    TIM_EncoderInterfaceConfig               0x080022f3   Thumb Code    66  stm32f10x_tim.o(.text)
    TIM_ForcedOC1Config                      0x08002335   Thumb Code    18  stm32f10x_tim.o(.text)
    TIM_ForcedOC2Config                      0x08002347   Thumb Code    26  stm32f10x_tim.o(.text)
    TIM_ForcedOC3Config                      0x08002361   Thumb Code    18  stm32f10x_tim.o(.text)
    TIM_ForcedOC4Config                      0x08002373   Thumb Code    26  stm32f10x_tim.o(.text)
    TIM_ARRPreloadConfig                     0x0800238d   Thumb Code    24  stm32f10x_tim.o(.text)
    TIM_SelectCOM                            0x080023a5   Thumb Code    24  stm32f10x_tim.o(.text)
    TIM_SelectCCDMA                          0x080023bd   Thumb Code    24  stm32f10x_tim.o(.text)
    TIM_CCPreloadControl                     0x080023d5   Thumb Code    24  stm32f10x_tim.o(.text)
    TIM_OC1PreloadConfig                     0x080023ed   Thumb Code    18  stm32f10x_tim.o(.text)
    TIM_OC2PreloadConfig                     0x080023ff   Thumb Code    26  stm32f10x_tim.o(.text)
    TIM_OC3PreloadConfig                     0x08002419   Thumb Code    18  stm32f10x_tim.o(.text)
    TIM_OC4PreloadConfig                     0x0800242b   Thumb Code    26  stm32f10x_tim.o(.text)
    TIM_OC1FastConfig                        0x08002445   Thumb Code    18  stm32f10x_tim.o(.text)
    TIM_OC2FastConfig                        0x08002457   Thumb Code    26  stm32f10x_tim.o(.text)
    TIM_OC3FastConfig                        0x08002471   Thumb Code    18  stm32f10x_tim.o(.text)
    TIM_OC4FastConfig                        0x08002483   Thumb Code    26  stm32f10x_tim.o(.text)
    TIM_ClearOC1Ref                          0x0800249d   Thumb Code    18  stm32f10x_tim.o(.text)
    TIM_ClearOC2Ref                          0x080024af   Thumb Code    24  stm32f10x_tim.o(.text)
    TIM_ClearOC3Ref                          0x080024c7   Thumb Code    18  stm32f10x_tim.o(.text)
    TIM_ClearOC4Ref                          0x080024d9   Thumb Code    24  stm32f10x_tim.o(.text)
    TIM_OC1PolarityConfig                    0x080024f1   Thumb Code    18  stm32f10x_tim.o(.text)
    TIM_OC1NPolarityConfig                   0x08002503   Thumb Code    18  stm32f10x_tim.o(.text)
    TIM_OC2PolarityConfig                    0x08002515   Thumb Code    26  stm32f10x_tim.o(.text)
    TIM_OC2NPolarityConfig                   0x0800252f   Thumb Code    26  stm32f10x_tim.o(.text)
    TIM_OC3PolarityConfig                    0x08002549   Thumb Code    26  stm32f10x_tim.o(.text)
    TIM_OC3NPolarityConfig                   0x08002563   Thumb Code    26  stm32f10x_tim.o(.text)
    TIM_OC4PolarityConfig                    0x0800257d   Thumb Code    26  stm32f10x_tim.o(.text)
    TIM_CCxCmd                               0x08002597   Thumb Code    30  stm32f10x_tim.o(.text)
    TIM_CCxNCmd                              0x080025b5   Thumb Code    30  stm32f10x_tim.o(.text)
    TIM_SelectOCxM                           0x080025d3   Thumb Code    82  stm32f10x_tim.o(.text)
    TIM_UpdateDisableConfig                  0x08002625   Thumb Code    24  stm32f10x_tim.o(.text)
    TIM_UpdateRequestConfig                  0x0800263d   Thumb Code    24  stm32f10x_tim.o(.text)
    TIM_SelectHallSensor                     0x08002655   Thumb Code    24  stm32f10x_tim.o(.text)
    TIM_SelectOnePulseMode                   0x0800266d   Thumb Code    18  stm32f10x_tim.o(.text)
    TIM_SelectOutputTrigger                  0x0800267f   Thumb Code    18  stm32f10x_tim.o(.text)
    TIM_SelectSlaveMode                      0x08002691   Thumb Code    18  stm32f10x_tim.o(.text)
    TIM_SelectMasterSlaveMode                0x080026a3   Thumb Code    18  stm32f10x_tim.o(.text)
    TIM_SetCounter                           0x080026b5   Thumb Code     4  stm32f10x_tim.o(.text)
    TIM_SetAutoreload                        0x080026b9   Thumb Code     4  stm32f10x_tim.o(.text)
    TIM_SetCompare1                          0x080026bd   Thumb Code     4  stm32f10x_tim.o(.text)
    TIM_SetCompare2                          0x080026c1   Thumb Code     4  stm32f10x_tim.o(.text)
    TIM_SetCompare3                          0x080026c5   Thumb Code     4  stm32f10x_tim.o(.text)
    TIM_SetCompare4                          0x080026c9   Thumb Code     6  stm32f10x_tim.o(.text)
    TIM_SetClockDivision                     0x080026cf   Thumb Code    18  stm32f10x_tim.o(.text)
    TIM_GetCapture1                          0x080026e1   Thumb Code     6  stm32f10x_tim.o(.text)
    TIM_GetCapture2                          0x080026e7   Thumb Code     6  stm32f10x_tim.o(.text)
    TIM_GetCapture3                          0x080026ed   Thumb Code     6  stm32f10x_tim.o(.text)
    TIM_GetCapture4                          0x080026f3   Thumb Code     8  stm32f10x_tim.o(.text)
    TIM_GetCounter                           0x080026fb   Thumb Code     6  stm32f10x_tim.o(.text)
    TIM_GetPrescaler                         0x08002701   Thumb Code     6  stm32f10x_tim.o(.text)
    TIM_GetFlagStatus                        0x08002707   Thumb Code    18  stm32f10x_tim.o(.text)
    TIM_ClearFlag                            0x08002719   Thumb Code     6  stm32f10x_tim.o(.text)
    TIM_GetITStatus                          0x0800271f   Thumb Code    34  stm32f10x_tim.o(.text)
    TIM_ClearITPendingBit                    0x08002741   Thumb Code     6  stm32f10x_tim.o(.text)
    IWDG_WriteAccessCmd                      0x08002749   Thumb Code     6  stm32f10x_iwdg.o(.text)
    IWDG_SetPrescaler                        0x0800274f   Thumb Code     6  stm32f10x_iwdg.o(.text)
    IWDG_SetReload                           0x08002755   Thumb Code     6  stm32f10x_iwdg.o(.text)
    IWDG_ReloadCounter                       0x0800275b   Thumb Code    10  stm32f10x_iwdg.o(.text)
    IWDG_Enable                              0x08002765   Thumb Code    10  stm32f10x_iwdg.o(.text)
    IWDG_GetFlagStatus                       0x0800276f   Thumb Code    20  stm32f10x_iwdg.o(.text)
    SPI_I2S_DeInit                           0x08002789   Thumb Code    76  stm32f10x_spi.o(.text)
    SPI_Init                                 0x080027d5   Thumb Code    60  stm32f10x_spi.o(.text)
    I2S_Init                                 0x08002811   Thumb Code   226  stm32f10x_spi.o(.text)
    SPI_StructInit                           0x080028f3   Thumb Code    24  stm32f10x_spi.o(.text)
    I2S_StructInit                           0x0800290b   Thumb Code    20  stm32f10x_spi.o(.text)
    SPI_Cmd                                  0x0800291f   Thumb Code    24  stm32f10x_spi.o(.text)
    I2S_Cmd                                  0x08002937   Thumb Code    24  stm32f10x_spi.o(.text)
    SPI_I2S_ITConfig                         0x0800294f   Thumb Code    32  stm32f10x_spi.o(.text)
    SPI_I2S_DMACmd                           0x0800296f   Thumb Code    18  stm32f10x_spi.o(.text)
    SPI_I2S_SendData                         0x08002981   Thumb Code     4  stm32f10x_spi.o(.text)
    SPI_I2S_ReceiveData                      0x08002985   Thumb Code     6  stm32f10x_spi.o(.text)
    SPI_NSSInternalSoftwareConfig            0x0800298b   Thumb Code    30  stm32f10x_spi.o(.text)
    SPI_SSOutputCmd                          0x080029a9   Thumb Code    24  stm32f10x_spi.o(.text)
    SPI_DataSizeConfig                       0x080029c1   Thumb Code    18  stm32f10x_spi.o(.text)
    SPI_TransmitCRC                          0x080029d3   Thumb Code    10  stm32f10x_spi.o(.text)
    SPI_CalculateCRC                         0x080029dd   Thumb Code    24  stm32f10x_spi.o(.text)
    SPI_GetCRC                               0x080029f5   Thumb Code    16  stm32f10x_spi.o(.text)
    SPI_GetCRCPolynomial                     0x08002a05   Thumb Code     6  stm32f10x_spi.o(.text)
    SPI_BiDirectionalLineConfig              0x08002a0b   Thumb Code    28  stm32f10x_spi.o(.text)
    SPI_I2S_GetFlagStatus                    0x08002a27   Thumb Code    18  stm32f10x_spi.o(.text)
    SPI_I2S_ClearFlag                        0x08002a39   Thumb Code     6  stm32f10x_spi.o(.text)
    SPI_I2S_GetITStatus                      0x08002a3f   Thumb Code    52  stm32f10x_spi.o(.text)
    SPI_I2S_ClearITPendingBit                0x08002a73   Thumb Code    20  stm32f10x_spi.o(.text)
    EXTI_DeInit                              0x08002a95   Thumb Code    28  stm32f10x_exti.o(.text)
    EXTI_Init                                0x08002ab1   Thumb Code   142  stm32f10x_exti.o(.text)
    EXTI_StructInit                          0x08002b3f   Thumb Code    16  stm32f10x_exti.o(.text)
    EXTI_GenerateSWInterrupt                 0x08002b4f   Thumb Code    16  stm32f10x_exti.o(.text)
    EXTI_GetFlagStatus                       0x08002b5f   Thumb Code    22  stm32f10x_exti.o(.text)
    EXTI_ClearFlag                           0x08002b75   Thumb Code     8  stm32f10x_exti.o(.text)
    EXTI_GetITStatus                         0x08002b7d   Thumb Code    34  stm32f10x_exti.o(.text)
    EXTI_ClearITPendingBit                   0x08002b9f   Thumb Code     8  stm32f10x_exti.o(.text)
    delay_init                               0x08002bb1   Thumb Code    50  delay.o(.text)
    delay_us                                 0x08002be3   Thumb Code    70  delay.o(.text)
    delay_ms                                 0x08002c29   Thumb Code    70  delay.o(.text)
    TIM2_Int_Init                            0x08002c81   Thumb Code    92  timer2.o(.text)
    TIM2_IRQHandler                          0x08002cdd   Thumb Code  1270  timer2.o(.text)
    IWDG_Init                                0x080031ed   Thumb Code    36  iwdg.o(.text)
    IWDG_Feed                                0x08003211   Thumb Code    10  iwdg.o(.text)
    SPI1_ReadWriteByte                       0x08003221   Thumb Code    78  spi.o(.text)
    SPI1_Init                                0x0800326f   Thumb Code   136  spi.o(.text)
    SPI1_SetSpeed                            0x080032f7   Thumb Code    36  spi.o(.text)
    SPI_Flash_ReadID                         0x08003325   Thumb Code    66  flash.o(.text)
    SPI_Flash_Init                           0x08003367   Thumb Code    60  flash.o(.text)
    SPI_Flash_ReadSR                         0x080033a3   Thumb Code    38  flash.o(.text)
    SPI_FLASH_Write_SR                       0x080033c9   Thumb Code    34  flash.o(.text)
    SPI_FLASH_Write_Enable                   0x080033eb   Thumb Code    26  flash.o(.text)
    SPI_FLASH_Write_Disable                  0x08003405   Thumb Code    26  flash.o(.text)
    SPI_Flash_Read                           0x0800341f   Thumb Code    76  flash.o(.text)
    SPI_Flash_Wait_Busy                      0x0800346b   Thumb Code    20  flash.o(.text)
    SPI_Flash_Write_Page                     0x0800347f   Thumb Code    82  flash.o(.text)
    SPI_Flash_Write_NoCheck                  0x080034d1   Thumb Code    70  flash.o(.text)
    SPI_Flash_Erase_Sector                   0x08003517   Thumb Code    64  flash.o(.text)
    SPI_Flash_Write                          0x08003557   Thumb Code   176  flash.o(.text)
    SPI_Flash_Erase_Chip                     0x08003607   Thumb Code    38  flash.o(.text)
    SPI_Flash_PowerDown                      0x0800362d   Thumb Code    32  flash.o(.text)
    SPI_Flash_WAKEUP                         0x0800364d   Thumb Code    32  flash.o(.text)
    SPI_Flash_SafeWrite                      0x0800366d   Thumb Code   144  flash.o(.text)
    SPI_Flash_SafeRead                       0x080036fd   Thumb Code   174  flash.o(.text)
    SPI_check                                0x080037ab   Thumb Code   118  flash.o(.text)
    uart1_init                               0x08003849   Thumb Code   158  usart.o(.text)
    uart2_init                               0x080038e7   Thumb Code   160  usart.o(.text)
    uart3_init                               0x08003987   Thumb Code   166  usart.o(.text)
    USART1_IRQHandler                        0x08003a2d   Thumb Code   600  usart.o(.text)
    GPS_Flag_Clear                           0x08003c85   Thumb Code    84  usart.o(.text)
    change_gpsdata                           0x08003cd9   Thumb Code  1258  usart.o(.text)
    USART2_IRQHandler                        0x080041c3   Thumb Code   522  usart.o(.text)
    USART3_IRQHandler                        0x080043cd   Thumb Code  2312  usart.o(.text)
    Usart1_SendData                          0x08004cd5   Thumb Code    98  usart.o(.text)
    Usart2_SendData                          0x08004d37   Thumb Code   250  usart.o(.text)
    Usart3_SendData                          0x08004e31   Thumb Code    98  usart.o(.text)
    shiliutoshi                              0x08004e93   Thumb Code   180  usart.o(.text)
    sirf4Config                              0x08004f47   Thumb Code    94  usart.o(.text)
    D_data_deal                              0x0800505d   Thumb Code  1492  debug.o(.text)
    Debug                                    0x08005631   Thumb Code   130  debug.o(.text)
    delay_Nx100ms                            0x08005725   Thumb Code    42  gsm.o(.text)
    GSM_Send_ATCommnd                        0x0800574f   Thumb Code   168  gsm.o(.text)
    GSM_startup                              0x080057f7   Thumb Code    88  gsm.o(.text)
    GSM_shutdown                             0x0800584f   Thumb Code    88  gsm.o(.text)
    CREG_CGREG                               0x080058a7   Thumb Code   532  gsm.o(.text)
    GSM_INIT                                 0x08005abb   Thumb Code   800  gsm.o(.text)
    Delete_AllSM                             0x08005ddb   Thumb Code    32  gsm.o(.text)
    ASCII2HEX                                0x08005dfb   Thumb Code   154  gsm.o(.text)
    SM_Data_Deal                             0x08005e95   Thumb Code   428  gsm.o(.text)
    Read_SM                                  0x08006041   Thumb Code   150  gsm.o(.text)
    GM301_CPMS_deal                          0x080060d7   Thumb Code   346  gsm.o(.text)
    SM_Deal                                  0x08006231   Thumb Code    66  gsm.o(.text)
    MG301_SM_Init                            0x08006273   Thumb Code    48  gsm.o(.text)
    GPRS_Connect                             0x080062a3   Thumb Code  1858  gsm.o(.text)
    GSM_Module_Start                         0x080069e5   Thumb Code   138  gsm.o(.text)
    GSM_Send_Data                            0x08006a6f   Thumb Code   150  gsm.o(.text)
    Check_Net                                0x08006b05   Thumb Code   176  gsm.o(.text)
    GSM_CALL                                 0x08006bb5   Thumb Code   276  gsm.o(.text)
    GSM_Recivdata_deal                       0x08006cc9   Thumb Code  1194  gsm.o(.text)
    GSM_Ring                                 0x08007173   Thumb Code   538  gsm.o(.text)
    GSM_Read_AT_SISR                         0x0800738d   Thumb Code   154  gsm.o(.text)
    Read_GSM                                 0x08007427   Thumb Code    72  gsm.o(.text)
    OBD_Send_Commnd                          0x080074a9   Thumb Code   240  obd.o(.text)
    OBD_Error_Judge_zi                       0x08007599   Thumb Code   126  obd.o(.text)
    OBD_Error_Judge                          0x08007617   Thumb Code   228  obd.o(.text)
    Read_oil_LperH                           0x080076fb   Thumb Code   146  obd.o(.text)
    Read_oil_mass                            0x0800778d   Thumb Code   194  obd.o(.text)
    mileage                                  0x0800784f   Thumb Code   388  obd.o(.text)
    Mark_Car                                 0x080079d3   Thumb Code   192  obd.o(.text)
    OBD_init                                 0x08007a93   Thumb Code  1498  obd.o(.text)
    OBD_Data_Deal                            0x0800806d   Thumb Code    22  obd.o(.text)
    Body_Control                             0x08008083   Thumb Code   346  obd.o(.text)
    OBD_Sleep                                0x080081dd   Thumb Code  1268  obd.o(.text)
    Body_state_deal                          0x080086d1   Thumb Code  1078  obd.o(.text)
    oil_average_LperH                        0x08008b07   Thumb Code   132  obd.o(.text)
    OBD_Read_Body_state                      0x08008b8b   Thumb Code    50  obd.o(.text)
    Read_PID                                 0x08008bbd   Thumb Code   288  obd.o(.text)
    alarm                                    0x08008ce1   Thumb Code   296  alarm.o(.text)
    package                                  0x08008e39   Thumb Code   182  upload.o(.text)
    add_check_number                         0x08008eef   Thumb Code    34  upload.o(.text)
    add_liu_shui_hao                         0x08008f11   Thumb Code    28  upload.o(.text)
    change_ben_ji_hao                        0x08008f2d   Thumb Code    26  upload.o(.text)
    Send_authentication                      0x08008f47   Thumb Code    90  upload.o(.text)
    Terminal_authentication                  0x08008fa1   Thumb Code   152  upload.o(.text)
    Bubiao_Reci_7E_Analysis                  0x08009039   Thumb Code   100  upload.o(.text)
    Head_deal                                0x0800909d   Thumb Code   132  upload.o(.text)
    Send_JianQuan                            0x08009121   Thumb Code   140  upload.o(.text)
    Terminal_JianQuan                        0x080091ad   Thumb Code   108  upload.o(.text)
    Terminal_JianQuan_authentication         0x08009219   Thumb Code    40  upload.o(.text)
    Send_Heart                               0x08009241   Thumb Code   124  upload.o(.text)
    Upload_Heart                             0x080092bd   Thumb Code   200  upload.o(.text)
    u32_to_u8arry                            0x08009385   Thumb Code    32  upload.o(.text)
    send_upload                              0x080093a5   Thumb Code   528  upload.o(.text)
    Upload_Location                          0x080095b5   Thumb Code    78  upload.o(.text)
    response_upload                          0x08009603   Thumb Code   560  upload.o(.text)
    BodyChang_UpLoad                         0x08009833   Thumb Code    32  upload.o(.text)
    Terminal_TongYong_response               0x08009853   Thumb Code   152  upload.o(.text)
    Parameter_Set                            0x080098eb   Thumb Code  1138  upload.o(.text)
    Exit_INIT                                0x08009d5d   Thumb Code   268  exti.o(.text)
    EXTI3_IRQHandler                         0x08009e69   Thumb Code    34  exti.o(.text)
    EXTI0_IRQHandler                         0x08009e8b   Thumb Code    90  exti.o(.text)
    EXTI9_5_IRQHandler                       0x08009ee5   Thumb Code    44  exti.o(.text)
    __rt_ctype_table                         0x08009f2d   Thumb Code    16  rt_ctype_table.o(.text)
    strchr                                   0x08009f3d   Thumb Code    20  strchr.o(.text)
    strstr                                   0x08009f51   Thumb Code    36  strstr.o(.text)
    strcpy                                   0x08009f75   Thumb Code    72  strcpy.o(.text)
    memchr                                   0x08009fbd   Thumb Code    20  memchr.o(.text)
    __aeabi_memcpy                           0x08009fd1   Thumb Code     0  rt_memcpy_v6.o(.text)
    __rt_memcpy                              0x08009fd1   Thumb Code   138  rt_memcpy_v6.o(.text)
    _memcpy_lastbytes                        0x0800a037   Thumb Code     0  rt_memcpy_v6.o(.text)
    __aeabi_memcpy4                          0x0800a05b   Thumb Code     0  rt_memcpy_w.o(.text)
    __aeabi_memcpy8                          0x0800a05b   Thumb Code     0  rt_memcpy_w.o(.text)
    __rt_memcpy_w                            0x0800a05b   Thumb Code   100  rt_memcpy_w.o(.text)
    _memcpy_lastbytes_aligned                0x0800a0a3   Thumb Code     0  rt_memcpy_w.o(.text)
    __aeabi_memclr                           0x0800a0bf   Thumb Code     0  rt_memclr.o(.text)
    __rt_memclr                              0x0800a0bf   Thumb Code    68  rt_memclr.o(.text)
    _memset                                  0x0800a0c3   Thumb Code     0  rt_memclr.o(.text)
    __aeabi_memclr4                          0x0800a103   Thumb Code     0  rt_memclr_w.o(.text)
    __aeabi_memclr8                          0x0800a103   Thumb Code     0  rt_memclr_w.o(.text)
    __rt_memclr_w                            0x0800a103   Thumb Code    78  rt_memclr_w.o(.text)
    _memset_w                                0x0800a107   Thumb Code     0  rt_memclr_w.o(.text)
    __use_two_region_memory                  0x0800a151   Thumb Code     2  heapauxi.o(.text)
    __rt_heap_escrow$2region                 0x0800a153   Thumb Code     2  heapauxi.o(.text)
    __rt_heap_expand$2region                 0x0800a155   Thumb Code     2  heapauxi.o(.text)
    __rt_locale                              0x0800a159   Thumb Code     8  rt_locale_intlibspace.o(.text)
    __user_libspace                          0x0800a161   Thumb Code     8  libspace.o(.text)
    __user_perproc_libspace                  0x0800a161   Thumb Code     0  libspace.o(.text)
    __user_perthread_libspace                0x0800a161   Thumb Code     0  libspace.o(.text)
    strcmp                                   0x0800a169   Thumb Code   128  strcmpv7m.o(.text)
    __user_setup_stackheap                   0x0800a1e9   Thumb Code    74  sys_stackheap_outer.o(.text)
    exit                                     0x0800a233   Thumb Code    12  exit.o(.text)
    _sys_exit                                0x0800a241   Thumb Code     8  sys_exit.o(.text)
    __I$use$semihosting                      0x0800a24d   Thumb Code     0  use_no_semi.o(.text)
    __use_no_semihosting_swi                 0x0800a24d   Thumb Code     2  use_no_semi.o(.text)
    __semihosting_library_function           0x0800a24f   Thumb Code     0  indicate_semi.o(.text)
    _get_lc_ctype                            0x0800a251   Thumb Code    44  lc_ctype_c.o(locale$$code)
    SPI_check_array_write                    0x0800a27c   Data           2  flash.o(.constdata)
    AT                                       0x0800a27e   Data           4  gsm.o(.constdata)
    ATE0                                     0x0800a282   Data           6  gsm.o(.constdata)
    CPIN                                     0x0800a288   Data          10  gsm.o(.constdata)
    CMGD                                     0x0800a292   Data          13  gsm.o(.constdata)
    CLIP                                     0x0800a29f   Data          11  gsm.o(.constdata)
    CMIC                                     0x0800a2aa   Data          12  gsm.o(.constdata)
    CREG                                     0x0800a2b6   Data          10  gsm.o(.constdata)
    CGREG                                    0x0800a2c0   Data          11  gsm.o(.constdata)
    COPS                                     0x0800a2cb   Data          10  gsm.o(.constdata)
    CSQ                                      0x0800a2d5   Data           8  gsm.o(.constdata)
    SICS_con                                 0x0800a2dd   Data          29  gsm.o(.constdata)
    SISS_conId                               0x0800a2fa   Data          21  gsm.o(.constdata)
    SISS_srv                                 0x0800a30f   Data          30  gsm.o(.constdata)
    IOMODE                                   0x0800a32d   Data          15  gsm.o(.constdata)
    SISO                                     0x0800a33c   Data          11  gsm.o(.constdata)
    SISR                                     0x0800a347   Data          16  gsm.o(.constdata)
    GM301_CMGF                               0x0800a357   Data          11  gsm.o(.constdata)
    GM301_CPMS                               0x0800a362   Data          11  gsm.o(.constdata)
    POD_OBD_PID_Tabl                         0x0800a36d   Data         104  gsm.o(.constdata)
    OBD_compile_data_arry                    0x0800a3d8   Data           6  obd.o(.constdata)
    OBD_Versionsi_arry                       0x0800a3de   Data           6  obd.o(.constdata)
    OBD_Read_VIN_arry                        0x0800a3e4   Data           6  obd.o(.constdata)
    OBD_Read_SN_arry                         0x0800a3ea   Data           6  obd.o(.constdata)
    Read_Sleep_Parameter_arry                0x0800a3f0   Data           6  obd.o(.constdata)
    Close_Sleep_Parameter_arry               0x0800a3f6   Data           8  obd.o(.constdata)
    OBD_mileage_arry                         0x0800a3fe   Data           7  obd.o(.constdata)
    Read_oil_mass_arry                       0x0800a405   Data           7  obd.o(.constdata)
    Read_oil_LperH_arry                      0x0800a40c   Data           7  obd.o(.constdata)
    Read_Body_state_arry                     0x0800a413   Data           6  obd.o(.constdata)
    Region$$Table$$Base                      0x0800a498   Number         0  anon$$obj.o(Region$$Table)
    Region$$Table$$Limit                     0x0800a4b8   Number         0  anon$$obj.o(Region$$Table)
    __ctype                                  0x0800a4c5   Data           0  lc_ctype_c.o(locale$$data)
    timer2_100ms                             0x20000000   Data           2  main.o(.data)
    oil_sampling_time                        0x20000002   Data           2  main.o(.data)
    read_GSM_time                            0x20000004   Data           1  main.o(.data)
    Read_oilmass_time                        0x20000005   Data           1  main.o(.data)
    read_reset                               0x20000008   Data           4  main.o(.data)
    hex2acii_arry                            0x2000000c   Data          16  main.o(.data)
    reset_source                             0x2000001c   Data           8  main.o(.data)
    Flag_all                                 0x20000024   Data           8  main.o(.data)
    OBD_Com_Flag                             0x2000002c   Data           8  main.o(.data)
    SystemCoreClock                          0x20000034   Data           4  system_stm32f10x.o(.data)
    AHBPrescTable                            0x20000038   Data          16  system_stm32f10x.o(.data)
    test_OBD_PID_T                           0x20000048   Data           1  test.o(.data)
    gps_counter                              0x20000064   Data           4  timer2.o(.data)
    delaycounter                             0x20000068   Data           4  timer2.o(.data)
    Debug_waitcounter                        0x2000006c   Data           2  timer2.o(.data)
    jinji_xiaodou_timer                      0x2000006e   Data           1  timer2.o(.data)
    OneSecond_Timer                          0x2000006f   Data           1  timer2.o(.data)
    PB0_high_timer                           0x20000070   Data           2  timer2.o(.data)
    PB0_low_timer                            0x20000072   Data           2  timer2.o(.data)
    readwriteerror                           0x20000074   Data           1  spi.o(.data)
    SPI_FLASH_TYPE                           0x20000076   Data           2  flash.o(.data)
    SPI_check_array                          0x20000078   Data           2  flash.o(.data)
    usart1_Rx_length                         0x2000007c   Data           1  usart.o(.data)
    OBD_Package_len                          0x2000007d   Data           1  usart.o(.data)
    USART1_Rx_timer                          0x2000007e   Data           1  usart.o(.data)
    usart2_Rx_length                         0x2000007f   Data           1  usart.o(.data)
    USART2_Rx_timer                          0x20000080   Data           1  usart.o(.data)
    usart3_Rx_length                         0x20000082   Data           2  usart.o(.data)
    usart3_Rx_SM_len                         0x20000084   Data           1  usart.o(.data)
    usart3_Rx_backup_length                  0x20000086   Data           2  usart.o(.data)
    USART3_Rx_timer                          0x20000088   Data           1  usart.o(.data)
    u8_0x7e                                  0x20000089   Data           1  usart.o(.data)
    test_usart1_number                       0x2000008a   Data           1  usart.o(.data)
    sendlengthU1                             0x2000008b   Data           1  usart.o(.data)
    sendlengthU2                             0x2000008c   Data           1  usart.o(.data)
    sendlengthU3                             0x2000008d   Data           1  usart.o(.data)
    psendU1                                  0x20000090   Data           4  usart.o(.data)
    psendU2                                  0x20000094   Data           4  usart.o(.data)
    psendU3                                  0x20000098   Data           4  usart.o(.data)
    Version_arry                             0x2000009c   Data          10  debug.o(.data)
    Mid                                      0x200000a6   Data           6  debug.o(.data)
    ReTimeout                                0x200000ac   Data           1  debug.o(.data)
    Debug_Timeout                            0x200000ae   Data           2  debug.o(.data)
    PID_user_defined_number                  0x200000b0   Data           1  gsm.o(.data)
    PID_default_arry                         0x200000b1   Data           9  gsm.o(.data)
    GSM_Reciev_len                           0x200000ba   Data           2  gsm.o(.data)
    GSM_Ring_Number_len                      0x200000bc   Data           1  gsm.o(.data)
    Body_state                               0x200000c0   Data           4  gsm.o(.data)
    alarm_state                              0x200000c4   Data           4  gsm.o(.data)
    oil_LperH_average                        0x200000c8   Data           1  gsm.o(.data)
    oil_LperH                                0x200000c9   Data           1  gsm.o(.data)
    LocationUptime                           0x200000ca   Data           2  gsm.o(.data)
    ACCOFF_LocationUptime                    0x200000cc   Data           2  gsm.o(.data)
    upheartime                               0x200000d0   Data           4  gsm.o(.data)
    upheart_timeout                          0x200000d4   Data           2  gsm.o(.data)
    oil_LperH_F                              0x200000d6   Data           1  gsm.o(.data)
    upheartime_count                         0x200000d8   Data           2  gsm.o(.data)
    upheart_timeout_count                    0x200000da   Data           2  gsm.o(.data)
    LocationUptime_count                     0x200000dc   Data           2  gsm.o(.data)
    JinJI_timeout                            0x200000de   Data           2  gsm.o(.data)
    JinJI_count                              0x200000e0   Data           2  gsm.o(.data)
    JinJi_LianXucount                        0x200000e2   Data           2  gsm.o(.data)
    sm_used                                  0x200000e4   Data           1  gsm.o(.data)
    sm_total                                 0x200000e5   Data           1  gsm.o(.data)
    temp_len                                 0x200000e6   Data           2  gsm.o(.data)
    CALL_Timer                               0x200000e8   Data           1  gsm.o(.data)
    CEND_time                                0x200000ea   Data           2  gsm.o(.data)
    Check_Net_timeover                       0x200000ec   Data           1  gsm.o(.data)
    ms100                                    0x200000f4   Data           1  gsm.o(.data)
    OBD_mileage_buffer_arry                  0x200000f8   Data           4  obd.o(.data)
    OBD_oil_mass_buffer_arry                 0x200000fc   Data           2  obd.o(.data)
    OBD_init_timer                           0x200000fe   Data           1  obd.o(.data)
    add                                      0x20000100   Data           4  obd.o(.data)
    JinJi_liushui                            0x20000106   Data           2  alarm.o(.data)
    JinJi_Num                                0x20000108   Data           1  alarm.o(.data)
    Shake_continu_timer                      0x2000010a   Data           2  alarm.o(.data)
    Shake_Num                                0x2000010c   Data           1  alarm.o(.data)
    Shake_LianXuCount                        0x2000010e   Data           2  alarm.o(.data)
    Shake_JianGE                             0x20000110   Data           2  alarm.o(.data)
    Shake_sendNum                            0x20000112   Data           1  alarm.o(.data)
    Shake_liushui                            0x20000114   Data           2  alarm.o(.data)
    ben_ji_hao                               0x20000118   Data           6  upload.o(.data)
    JianQuanMa_Len                           0x2000011e   Data           1  upload.o(.data)
    liu_shui                                 0x20000120   Data           2  upload.o(.data)
    message_ID                               0x20000122   Data           2  upload.o(.data)
    message_property                         0x20000124   Data           2  upload.o(.data)
    authentication_count                     0x20000126   Data           2  upload.o(.data)
    alarm_flag                               0x20000128   Data           4  upload.o(.data)
    state_flag                               0x2000012c   Data           4  upload.o(.data)
    R_rail                                   0x20000130   Data           2  upload.o(.data)
    Over_Speed                               0x20000132   Data           2  upload.o(.data)
    Over_Speed_XDTime                        0x20000134   Data           2  upload.o(.data)
    Province_ID                              0x20000136   Data           2  upload.o(.data)
    City_ID                                  0x20000138   Data           2  upload.o(.data)
    Vehicle_license_Plate_colour             0x2000013a   Data           1  upload.o(.data)
    Vehicle_license_Plate_Len                0x2000013b   Data           1  upload.o(.data)
    GNSS_MODE                                0x2000013c   Data           1  upload.o(.data)
    GNSS_Baud                                0x2000013d   Data           1  upload.o(.data)
    GNSS_Hz                                  0x2000013e   Data           1  upload.o(.data)
    Head_mesg                                0x20000140   Data           6  upload.o(.data)
    TongYongResp                             0x20000146   Data           5  upload.o(.data)
    SPI_FLASH_BUF                            0x2000014c   Data        4096  flash.o(.bss)
    comperBuffer                             0x2000114c   Data          20  flash.o(.bss)
    usart1_Rx_buffer                         0x20001160   Data         166  usart.o(.bss)
    usart1_Rx_backup                         0x20001206   Data          50  usart.o(.bss)
    usart2_Rx_buffer                         0x20001238   Data          90  usart.o(.bss)
    usart3_Rx_buffer                         0x20001292   Data        1100  usart.o(.bss)
    usart3_Rx_backup                         0x200016de   Data        1100  usart.o(.bss)
    usart3_Rx_SM                             0x20001b2a   Data         150  usart.o(.bss)
    GPS_DATA                                 0x20001bc0   Data          20  usart.o(.bss)
    GPS_DATA_BACKUP                          0x20001bd4   Data          20  usart.o(.bss)
    PID_user_defined                         0x20001be8   Data         103  gsm.o(.bss)
    GSM_command                              0x20001c4f   Data         140  gsm.o(.bss)
    GSM_Reciev                               0x20001cdb   Data        1100  gsm.o(.bss)
    GSM_Ring_Number                          0x20002127   Data          16  gsm.o(.bss)
    temp_GSM_Reciev                          0x20002137   Data        1024  gsm.o(.bss)
    OBD_PID_Buffer                           0x20002538   Data         521  obd.o(.bss)
    ring_obd_buffer                          0x20002774   Data          12  obd.o(.bss)
    upload_arry                              0x20002780   Data         512  upload.o(.bss)
    xiaoxi_head                              0x20002980   Data          13  upload.o(.bss)
    JianQuanMa                               0x2000298d   Data          20  upload.o(.bss)
    Vehicle_license_Plate                    0x200029a1   Data          14  upload.o(.bss)
    __libspace_start                         0x200029b0   Data          96  libspace.o(.bss)
    __temporary_stack_top$libspace           0x20002a10   Data           0  libspace.o(.bss)



==============================================================================

Memory Map of the image

  Image Entry point : 0x08000131

  Load Region LR_IROM1 (Base: 0x08000000, Size: 0x0000a714, Max: 0x00080000, ABSOLUTE, COMPRESSED[0x0000a618])

    Execution Region ER_IROM1 (Base: 0x08000000, Size: 0x0000a5c8, Max: 0x00080000, ABSOLUTE)

    Base Addr    Size         Type   Attr      Idx    E Section Name        Object

    0x08000000   0x00000130   Data   RO          260    RESET               startup_stm32f10x_hd.o
    0x08000130   0x00000008   Code   RO          745  * !!!main             c_w.l(__main.o)
    0x08000138   0x00000034   Code   RO          911    !!!scatter          c_w.l(__scatter.o)
    0x0800016c   0x0000005a   Code   RO          909    !!dczerorl2         c_w.l(__dczerorl2.o)
    0x080001c6   0x00000002   PAD
    0x080001c8   0x0000001c   Code   RO          913    !!handler_zi        c_w.l(__scatter_zi.o)
    0x080001e4   0x00000002   Code   RO          830    .ARM.Collect$$libinit$$00000000  c_w.l(libinit.o)
    0x080001e6   0x00000000   Code   RO          777    .ARM.Collect$$libinit$$00000002  c_w.l(libinit2.o)
    0x080001e6   0x00000000   Code   RO          780    .ARM.Collect$$libinit$$00000008  c_w.l(libinit2.o)
    0x080001e6   0x00000000   Code   RO          782    .ARM.Collect$$libinit$$0000000A  c_w.l(libinit2.o)
    0x080001e6   0x00000000   Code   RO          784    .ARM.Collect$$libinit$$0000000C  c_w.l(libinit2.o)
    0x080001e6   0x00000006   Code   RO          785    .ARM.Collect$$libinit$$0000000D  c_w.l(libinit2.o)
    0x080001ec   0x00000000   Code   RO          787    .ARM.Collect$$libinit$$0000000F  c_w.l(libinit2.o)
    0x080001ec   0x0000000c   Code   RO          788    .ARM.Collect$$libinit$$00000010  c_w.l(libinit2.o)
    0x080001f8   0x00000000   Code   RO          789    .ARM.Collect$$libinit$$00000011  c_w.l(libinit2.o)
    0x080001f8   0x00000000   Code   RO          791    .ARM.Collect$$libinit$$00000013  c_w.l(libinit2.o)
    0x080001f8   0x00000000   Code   RO          793    .ARM.Collect$$libinit$$00000015  c_w.l(libinit2.o)
    0x080001f8   0x00000000   Code   RO          795    .ARM.Collect$$libinit$$00000017  c_w.l(libinit2.o)
    0x080001f8   0x00000000   Code   RO          797    .ARM.Collect$$libinit$$00000019  c_w.l(libinit2.o)
    0x080001f8   0x00000000   Code   RO          799    .ARM.Collect$$libinit$$0000001B  c_w.l(libinit2.o)
    0x080001f8   0x00000000   Code   RO          801    .ARM.Collect$$libinit$$0000001D  c_w.l(libinit2.o)
    0x080001f8   0x00000000   Code   RO          803    .ARM.Collect$$libinit$$0000001F  c_w.l(libinit2.o)
    0x080001f8   0x00000000   Code   RO          805    .ARM.Collect$$libinit$$00000021  c_w.l(libinit2.o)
    0x080001f8   0x00000000   Code   RO          807    .ARM.Collect$$libinit$$00000023  c_w.l(libinit2.o)
    0x080001f8   0x00000000   Code   RO          811    .ARM.Collect$$libinit$$0000002A  c_w.l(libinit2.o)
    0x080001f8   0x00000000   Code   RO          813    .ARM.Collect$$libinit$$0000002C  c_w.l(libinit2.o)
    0x080001f8   0x00000000   Code   RO          815    .ARM.Collect$$libinit$$0000002E  c_w.l(libinit2.o)
    0x080001f8   0x00000000   Code   RO          817    .ARM.Collect$$libinit$$00000030  c_w.l(libinit2.o)
    0x080001f8   0x00000002   Code   RO          818    .ARM.Collect$$libinit$$00000031  c_w.l(libinit2.o)
    0x080001fa   0x00000002   Code   RO          867    .ARM.Collect$$libshutdown$$00000000  c_w.l(libshutdown.o)
    0x080001fc   0x00000000   Code   RO          874    .ARM.Collect$$libshutdown$$00000003  c_w.l(libshutdown2.o)
    0x080001fc   0x00000000   Code   RO          877    .ARM.Collect$$libshutdown$$00000006  c_w.l(libshutdown2.o)
    0x080001fc   0x00000000   Code   RO          880    .ARM.Collect$$libshutdown$$00000009  c_w.l(libshutdown2.o)
    0x080001fc   0x00000000   Code   RO          882    .ARM.Collect$$libshutdown$$0000000B  c_w.l(libshutdown2.o)
    0x080001fc   0x00000000   Code   RO          885    .ARM.Collect$$libshutdown$$0000000E  c_w.l(libshutdown2.o)
    0x080001fc   0x00000002   Code   RO          886    .ARM.Collect$$libshutdown$$0000000F  c_w.l(libshutdown2.o)
    0x080001fe   0x00000000   Code   RO          747    .ARM.Collect$$rtentry$$00000000  c_w.l(rtentry.o)
    0x080001fe   0x00000000   Code   RO          760    .ARM.Collect$$rtentry$$00000002  c_w.l(rtentry2.o)
    0x080001fe   0x00000006   Code   RO          772    .ARM.Collect$$rtentry$$00000004  c_w.l(rtentry4.o)
    0x08000204   0x00000000   Code   RO          762    .ARM.Collect$$rtentry$$00000009  c_w.l(rtentry2.o)
    0x08000204   0x00000004   Code   RO          763    .ARM.Collect$$rtentry$$0000000A  c_w.l(rtentry2.o)
    0x08000208   0x00000000   Code   RO          765    .ARM.Collect$$rtentry$$0000000C  c_w.l(rtentry2.o)
    0x08000208   0x00000008   Code   RO          766    .ARM.Collect$$rtentry$$0000000D  c_w.l(rtentry2.o)
    0x08000210   0x00000002   Code   RO          833    .ARM.Collect$$rtexit$$00000000  c_w.l(rtexit.o)
    0x08000212   0x00000000   Code   RO          842    .ARM.Collect$$rtexit$$00000002  c_w.l(rtexit2.o)
    0x08000212   0x00000004   Code   RO          843    .ARM.Collect$$rtexit$$00000003  c_w.l(rtexit2.o)
    0x08000216   0x00000006   Code   RO          844    .ARM.Collect$$rtexit$$00000004  c_w.l(rtexit2.o)
    0x0800021c   0x00000018   Code   RO          698    .emb_text           asm.o
    0x08000234   0x000007f4   Code   RO            1    .text               main.o
    0x08000a28   0x0000001a   Code   RO          135    .text               stm32f10x_it.o
    0x08000a42   0x00000002   PAD
    0x08000a44   0x000001e4   Code   RO          150    .text               system_stm32f10x.o
    0x08000c28   0x000000dc   Code   RO          168    .text               port.o
    0x08000d04   0x00000040   Code   RO          261    .text               startup_stm32f10x_hd.o
    0x08000d44   0x00000358   Code   RO          265    .text               stm32f10x_gpio.o
    0x0800109c   0x000000dc   Code   RO          277    .text               misc.o
    0x08001178   0x000003ac   Code   RO          289    .text               stm32f10x_rcc.o
    0x08001524   0x00000408   Code   RO          303    .text               stm32f10x_usart.o
    0x0800192c   0x00000e1a   Code   RO          315    .text               stm32f10x_tim.o
    0x08002746   0x00000002   PAD
    0x08002748   0x00000040   Code   RO          327    .text               stm32f10x_iwdg.o
    0x08002788   0x0000030c   Code   RO          342    .text               stm32f10x_spi.o
    0x08002a94   0x0000011c   Code   RO          354    .text               stm32f10x_exti.o
    0x08002bb0   0x000000d0   Code   RO          369    .text               delay.o
    0x08002c80   0x0000056c   Code   RO          395    .text               timer2.o
    0x080031ec   0x00000034   Code   RO          461    .text               iwdg.o
    0x08003220   0x00000104   Code   RO          473    .text               spi.o
    0x08003324   0x00000524   Code   RO          491    .text               flash.o
    0x08003848   0x00001814   Code   RO          514    .text               usart.o
    0x0800505c   0x000006c8   Code   RO          550    .text               debug.o
    0x08005724   0x00001d84   Code   RO          580    .text               gsm.o
    0x080074a8   0x00001838   Code   RO          618    .text               obd.o
    0x08008ce0   0x00000158   Code   RO          651    .text               alarm.o
    0x08008e38   0x00000f24   Code   RO          670    .text               upload.o
    0x08009d5c   0x000001d0   Code   RO          711    .text               exti.o
    0x08009f2c   0x00000010   Code   RO          725    .text               c_w.l(rt_ctype_table.o)
    0x08009f3c   0x00000014   Code   RO          727    .text               c_w.l(strchr.o)
    0x08009f50   0x00000024   Code   RO          729    .text               c_w.l(strstr.o)
    0x08009f74   0x00000048   Code   RO          731    .text               c_w.l(strcpy.o)
    0x08009fbc   0x00000014   Code   RO          733    .text               c_w.l(memchr.o)
    0x08009fd0   0x0000008a   Code   RO          735    .text               c_w.l(rt_memcpy_v6.o)
    0x0800a05a   0x00000064   Code   RO          737    .text               c_w.l(rt_memcpy_w.o)
    0x0800a0be   0x00000044   Code   RO          739    .text               c_w.l(rt_memclr.o)
    0x0800a102   0x0000004e   Code   RO          741    .text               c_w.l(rt_memclr_w.o)
    0x0800a150   0x00000006   Code   RO          743    .text               c_w.l(heapauxi.o)
    0x0800a156   0x00000002   PAD
    0x0800a158   0x00000008   Code   RO          751    .text               c_w.l(rt_locale_intlibspace.o)
    0x0800a160   0x00000008   Code   RO          756    .text               c_w.l(libspace.o)
    0x0800a168   0x00000080   Code   RO          774    .text               c_w.l(strcmpv7m.o)
    0x0800a1e8   0x0000004a   Code   RO          819    .text               c_w.l(sys_stackheap_outer.o)
    0x0800a232   0x0000000c   Code   RO          821    .text               c_w.l(exit.o)
    0x0800a23e   0x00000002   PAD
    0x0800a240   0x0000000c   Code   RO          854    .text               c_w.l(sys_exit.o)
    0x0800a24c   0x00000002   Code   RO          856    .text               c_w.l(use_no_semi.o)
    0x0800a24e   0x00000000   Code   RO          858    .text               c_w.l(indicate_semi.o)
    0x0800a24e   0x00000002   PAD
    0x0800a250   0x0000002c   Code   RO          754    locale$$code        c_w.l(lc_ctype_c.o)
    0x0800a27c   0x00000002   Data   RO          493    .constdata          flash.o
    0x0800a27e   0x00000157   Data   RO          582    .constdata          gsm.o
    0x0800a3d5   0x00000003   PAD
    0x0800a3d8   0x00000054   Data   RO          620    .constdata          obd.o
    0x0800a42c   0x0000006c   Data   RO          672    .constdata          upload.o
    0x0800a498   0x00000020   Data   RO          907    Region$$Table       anon$$obj.o
    0x0800a4b8   0x00000110   Data   RO          753    locale$$data        c_w.l(lc_ctype_c.o)


    Execution Region RW_IRAM1 (Base: 0x20000000, Size: 0x00003010, Max: 0x00010000, ABSOLUTE, COMPRESSED[0x00000050])

    Base Addr    Size         Type   Attr      Idx    E Section Name        Object

    0x20000000   0x00000034   Data   RW            2    .data               main.o
    0x20000034   0x00000014   Data   RW          151    .data               system_stm32f10x.o
    0x20000048   0x00000001   Data   RW          202    .data               test.o
    0x20000049   0x00000014   Data   RW          290    .data               stm32f10x_rcc.o
    0x2000005d   0x00000001   PAD
    0x2000005e   0x00000004   Data   RW          370    .data               delay.o
    0x20000062   0x00000002   PAD
    0x20000064   0x00000010   Data   RW          396    .data               timer2.o
    0x20000074   0x00000001   Data   RW          474    .data               spi.o
    0x20000075   0x00000001   PAD
    0x20000076   0x00000004   Data   RW          494    .data               flash.o
    0x2000007a   0x00000002   PAD
    0x2000007c   0x00000020   Data   RW          516    .data               usart.o
    0x2000009c   0x00000014   Data   RW          551    .data               debug.o
    0x200000b0   0x00000045   Data   RW          583    .data               gsm.o
    0x200000f5   0x00000003   PAD
    0x200000f8   0x0000000d   Data   RW          621    .data               obd.o
    0x20000105   0x00000001   PAD
    0x20000106   0x00000010   Data   RW          652    .data               alarm.o
    0x20000116   0x00000002   PAD
    0x20000118   0x00000033   Data   RW          673    .data               upload.o
    0x2000014b   0x00000001   PAD
    0x2000014c   0x00001014   Zero   RW          492    .bss                flash.o
    0x20001160   0x00000a88   Zero   RW          515    .bss                usart.o
    0x20001be8   0x0000094f   Zero   RW          581    .bss                gsm.o
    0x20002537   0x00000001   PAD
    0x20002538   0x00000248   Zero   RW          619    .bss                obd.o
    0x20002780   0x0000022f   Zero   RW          671    .bss                upload.o
    0x200029af   0x00000001   PAD
    0x200029b0   0x00000060   Zero   RW          757    .bss                c_w.l(libspace.o)
    0x20002a10   0x00000200   Zero   RW          259    HEAP                startup_stm32f10x_hd.o
    0x20002c10   0x00000400   Zero   RW          258    STACK               startup_stm32f10x_hd.o


==============================================================================

Image component sizes


      Code (inc. data)   RO Data    RW Data    ZI Data      Debug   Object Name

       344         48          0         16          0       1051   alarm.o
        24          8          0          0          0        284   asm.o
         0          0          0          0          0         32   core_cm3.o
      1736        290          0         20          0       2219   debug.o
       208         18          0          4          0        911   delay.o
       464         28          0          0          0       1077   exti.o
      1316         68          2          4       4116       5425   flash.o
      7556       2044        343         69       2383      12180   gsm.o
        52          6          0          0          0        614   iwdg.o
      2036        284          0         52          0     266685   main.o
       220         20          0          0          0       1697   misc.o
      6200        924         84         13        584       8399   obd.o
       220         14          0          0          0     205284   port.o
       260         10          0          1          0       1222   spi.o
        64         26        304          0       1536        740   startup_stm32f10x_hd.o
       284         10          0          0          0       4251   stm32f10x_exti.o
       856         40          0          0          0       5541   stm32f10x_gpio.o
        26          0          0          0          0       1138   stm32f10x_it.o
        64          6          0          0          0       1213   stm32f10x_iwdg.o
       940         52          0         20          0       8656   stm32f10x_rcc.o
       780         14          0          0          0       6422   stm32f10x_spi.o
      3610         88          0          0          0      22024   stm32f10x_tim.o
      1032         22          0          0          0       8264   stm32f10x_usart.o
       484         44          0         20          0       1583   system_stm32f10x.o
         0          0          0          1          0        410   test.o
      1388        152          0         16          0       4218   timer2.o
      3876        170        108         51        559      10739   upload.o
      6164        610          0         32       2696       8214   usart.o

    ----------------------------------------------------------------------
     40208       4996        876        332      11876     590493   Object Totals
         0          0         32          0          0          0   (incl. Generated)
         4          0          3         13          2          0   (incl. Padding)

    ----------------------------------------------------------------------

      Code (inc. data)   RO Data    RW Data    ZI Data      Debug   Library Member Name

        90          0          0          0          0          0   __dczerorl2.o
         8          0          0          0          0         68   __main.o
        52          8          0          0          0          0   __scatter.o
        28          0          0          0          0          0   __scatter_zi.o
        12          0          0          0          0         72   exit.o
         6          0          0          0          0        152   heapauxi.o
         0          0          0          0          0          0   indicate_semi.o
        44         10        272          0          0         76   lc_ctype_c.o
         2          0          0          0          0          0   libinit.o
        20          0          0          0          0          0   libinit2.o
         2          0          0          0          0          0   libshutdown.o
         2          0          0          0          0          0   libshutdown2.o
         8          4          0          0         96         68   libspace.o
        20          0          0          0          0         68   memchr.o
        16          4          0          0          0         76   rt_ctype_table.o
         8          4          0          0          0         68   rt_locale_intlibspace.o
        68          0          0          0          0         68   rt_memclr.o
        78          0          0          0          0         80   rt_memclr_w.o
       138          0          0          0          0         68   rt_memcpy_v6.o
       100          0          0          0          0         80   rt_memcpy_w.o
         0          0          0          0          0          0   rtentry.o
        12          0          0          0          0          0   rtentry2.o
         6          0          0          0          0          0   rtentry4.o
         2          0          0          0          0          0   rtexit.o
        10          0          0          0          0          0   rtexit2.o
        20          0          0          0          0         68   strchr.o
       128          0          0          0          0         68   strcmpv7m.o
        72          0          0          0          0         80   strcpy.o
        36          0          0          0          0         80   strstr.o
        12          4          0          0          0         68   sys_exit.o
        74          0          0          0          0         80   sys_stackheap_outer.o
         2          0          0          0          0         68   use_no_semi.o

    ----------------------------------------------------------------------
      1084         34        272          0         96       1456   Library Totals
         8          0          0          0          0          0   (incl. Padding)

    ----------------------------------------------------------------------

      Code (inc. data)   RO Data    RW Data    ZI Data      Debug   Library Name

      1076         34        272          0         96       1456   c_w.l

    ----------------------------------------------------------------------
      1084         34        272          0         96       1456   Library Totals

    ----------------------------------------------------------------------

==============================================================================


      Code (inc. data)   RO Data    RW Data    ZI Data      Debug   

     41292       5030       1148        332      11972     588985   Grand Totals
     41292       5030       1148         80      11972     588985   ELF Image Totals (compressed)
     41292       5030       1148         80          0          0   ROM Totals

==============================================================================

    Total RO  Size (Code + RO Data)                42440 (  41.45kB)
    Total RW  Size (RW Data + ZI Data)             12304 (  12.02kB)
    Total ROM Size (Code + RO Data + RW Data)      42520 (  41.52kB)

==============================================================================

